// Jest Snapshot v1, https://goo.gl/fbAQLP

exports[`SignUpButton component renders as expected renders correctly 1`] = `
<Connect(SignUpButton)
  dispatch={[Function]}
  store={
    Object {
      "clearActions": [Function],
      "dispatch": [Function],
      "getActions": [Function],
      "getState": [Function],
      "replaceReducer": [Function],
      "subscribe": [Function],
    }
  }
/>
`;
