// Jest Snapshot v1, https://goo.gl/fbAQLP

exports[`Render correctly snapshot 1`] = `
<Connect(MyFlightsTitle)
  dispatch={[Function]}
  store={
    Object {
      "clearActions": [Function],
      "dispatch": [Function],
      "getActions": [Function],
      "getState": [Function],
      "replaceReducer": [Function],
      "subscribe": [Function],
    }
  }
  title="title"
/>
`;
