// Jest Snapshot v1, https://goo.gl/fbAQLP

exports[`component renders correctly snapshot 1`] = `
<Text
  style={
    Object {
      "color": "black",
      "fontSize": 35,
      "fontWeight": "bold",
      "marginBottom": 80,
      "width": 300,
    }
  }
  testID="title"
>
  some text
</Text>
`;
